------------------------------------------------------------
TimeQuest Timing Analyzer Summary
------------------------------------------------------------

Type  : Slow 1100mV 85C Model Setup 'clk'
Slack : -1.201
TNS   : -12.818

Type  : Slow 1100mV 85C Model Hold 'clk'
Slack : 0.427
TNS   : 0.000

Type  : Slow 1100mV 85C Model Minimum Pulse Width 'clk'
Slack : -0.724
TNS   : -21.065

Type  : Slow 1100mV 0C Model Setup 'clk'
Slack : -1.276
TNS   : -13.924

Type  : Slow 1100mV 0C Model Hold 'clk'
Slack : 0.393
TNS   : 0.000

Type  : Slow 1100mV 0C Model Minimum Pulse Width 'clk'
Slack : -0.724
TNS   : -21.022

Type  : Fast 1100mV 85C Model Setup 'clk'
Slack : 0.091
TNS   : 0.000

Type  : Fast 1100mV 85C Model Hold 'clk'
Slack : 0.180
TNS   : 0.000

Type  : Fast 1100mV 85C Model Minimum Pulse Width 'clk'
Slack : -0.087
TNS   : -1.621

Type  : Fast 1100mV 0C Model Setup 'clk'
Slack : 0.133
TNS   : 0.000

Type  : Fast 1100mV 0C Model Hold 'clk'
Slack : 0.165
TNS   : 0.000

Type  : Fast 1100mV 0C Model Minimum Pulse Width 'clk'
Slack : -0.088
TNS   : -1.650

------------------------------------------------------------
